2026-10-05 03:02:25,636 - aqt.main - INFO - installer 139684471024512 aqtinstall(aqt) v3.1.21 on Python 3.11.16 [CPython GCC 13.3.0]
2026-10-05 03:02:25,637 - aqt.helper - DEBUG - helper 139684471024512 Attempt to download checksum at https://download.qt.io/online/qtsdkrepository/linux_x64/desktop/qt6_683/qt6_683/Updates.xml.sha256
2026-10-05 03:02:26,806 - aqt.helper - DEBUG - helper 139684471024512 Attempt to download checksum at https://download.qt.io/online/qtsdkrepository/linux_x64/extensions/qtwebengine/683/x86_64/Updates.xml.sha256
2026-10-05 03:02:27,871 - aqt.archives - INFO - archives 139684471024512 Found extension qtwebengine
2026-10-05 03:02:27,871 - aqt.helper - DEBUG - helper 139684471024512 Attempt to download checksum at https://download.qt.io/online/qtsdkrepository/linux_x64/extensions/qtpdf/683/x86_64/Updates.xml.sha256
2026-10-05 03:02:28,861 - aqt.archives - INFO - archives 139684471024512 Found extension qtpdf
2026-10-05 03:02:29,270 - aqt.helper - DEBUG - helper 139638581009280 Attempt to download checksum at https://download.qt.io/online/qtsdkrepository/linux_x64/desktop/qt6_683/qt6_683/qt.qt6.683.linux_gcc_64/6.8.3-0-202503201345qtsvg-Linux-RHEL_8_10-GCC-Linux-RHEL_8_10-X86_64.7z.sha256
2026-10-05 03:02:29,270 - aqt.helper - DEBUG - helper 139955230083968 Attempt to download checksum at https://download.qt.io/online/qtsdkrepository/linux_x64/desktop/qt6_683/qt6_683/qt.qt6.683.linux_gcc_64/6.8.3-0-202503201345qtbase-Linux-RHEL_8_10-GCC-Linux-RHEL_8_10-X86_64.7z.sha256
2026-10-05 03:02:29,283 - aqt.helper - DEBUG - helper 140384774855552 Attempt to download checksum at https://download.qt.io/online/qtsdkrepository/linux_x64/desktop/qt6_683/qt6_683/qt.qt6.683.linux_gcc_64/6.8.3-0-202503201345qtdeclarative-Linux-RHEL_8_10-GCC-Linux-RHEL_8_10-X86_64.7z.sha256
2026-10-05 03:02:29,286 - aqt.helper - DEBUG - helper 140270090288000 Attempt to download checksum at https://download.qt.io/online/qtsdkrepository/linux_x64/desktop/qt6_683/qt6_683/qt.qt6.683.linux_gcc_64/6.8.3-0-202503201345qttools-Linux-RHEL_8_10-GCC-Linux-RHEL_8_10-X86_64.7z.sha256
2026-10-05 03:02:29,699 - aqt.helper - INFO - helper 139638581009280 Downloading qtsvg...
2026-10-05 03:02:29,699 - aqt.installer - DEBUG - installer 139638581009280 Download URL: https://download.qt.io/online/qtsdkrepository/linux_x64/desktop/qt6_683/qt6_683/qt.qt6.683.linux_gcc_64/6.8.3-0-202503201345qtsvg-Linux-RHEL_8_10-GCC-Linux-RHEL_8_10-X86_64.7z
2026-10-05 03:02:29,707 - aqt.helper - INFO - helper 139955230083968 Downloading qtbase...
2026-10-05 03:02:29,707 - aqt.installer - DEBUG - installer 139955230083968 Download URL: https://download.qt.io/online/qtsdkrepository/linux_x64/desktop/qt6_683/qt6_683/qt.qt6.683.linux_gcc_64/6.8.3-0-202503201345qtbase-Linux-RHEL_8_10-GCC-Linux-RHEL_8_10-X86_64.7z
2026-10-05 03:02:29,730 - aqt.helper - INFO - helper 140384774855552 Downloading qtdeclarative...
2026-10-05 03:02:29,730 - aqt.installer - DEBUG - installer 140384774855552 Download URL: https://download.qt.io/online/qtsdkrepository/linux_x64/desktop/qt6_683/qt6_683/qt.qt6.683.linux_gcc_64/6.8.3-0-202503201345qtdeclarative-Linux-RHEL_8_10-GCC-Linux-RHEL_8_10-X86_64.7z
2026-10-05 03:02:29,741 - aqt.helper - INFO - helper 140270090288000 Downloading qttools...
2026-10-05 03:02:29,741 - aqt.installer - DEBUG - installer 140270090288000 Download URL: https://download.qt.io/online/qtsdkrepository/linux_x64/desktop/qt6_683/qt6_683/qt.qt6.683.linux_gcc_64/6.8.3-0-202503201345qttools-Linux-RHEL_8_10-GCC-Linux-RHEL_8_10-X86_64.7z
2026-10-05 03:02:30,379 - aqt.helper - DEBUG - helper 139955230083968 Asked to redirect(302) to: https://qt.mirror.constant.com/online/qtsdkrepository/linux_x64/desktop/qt6_683/qt6_683/qt.qt6.683.linux_gcc_64/6.8.3-0-202503201345qtbase-Linux-RHEL_8_10-GCC-Linux-RHEL_8_10-X86_64.7z
2026-10-05 03:02:30,379 - aqt.helper - INFO - helper 139955230083968 Redirected: qt.mirror.constant.com
2026-10-05 03:02:30,379 - aqt.helper - DEBUG - helper 139638581009280 Asked to redirect(302) to: https://qt.mirror.constant.com/online/qtsdkrepository/linux_x64/desktop/qt6_683/qt6_683/qt.qt6.683.linux_gcc_64/6.8.3-0-202503201345qtsvg-Linux-RHEL_8_10-GCC-Linux-RHEL_8_10-X86_64.7z
2026-10-05 03:02:30,380 - aqt.helper - INFO - helper 139638581009280 Redirected: qt.mirror.constant.com
2026-10-05 03:02:30,380 - aqt.helper - DEBUG - helper 140384774855552 Asked to redirect(302) to: https://qt.mirror.constant.com/online/qtsdkrepository/linux_x64/desktop/qt6_683/qt6_683/qt.qt6.683.linux_gcc_64/6.8.3-0-202503201345qtdeclarative-Linux-RHEL_8_10-GCC-Linux-RHEL_8_10-X86_64.7z
2026-10-05 03:02:30,380 - aqt.helper - INFO - helper 140384774855552 Redirected: qt.mirror.constant.com
2026-10-05 03:02:30,381 - aqt.helper - DEBUG - helper 140270090288000 Asked to redirect(302) to: https://qt.mirror.constant.com/online/qtsdkrepository/linux_x64/desktop/qt6_683/qt6_683/qt.qt6.683.linux_gcc_64/6.8.3-0-202503201345qttools-Linux-RHEL_8_10-GCC-Linux-RHEL_8_10-X86_64.7z
2026-10-05 03:02:30,381 - aqt.helper - INFO - helper 140270090288000 Redirected: qt.mirror.constant.com
2026-10-05 03:02:30,839 - aqt.installer - INFO - installer 139638581009280 Finished installation of qtsvg-Linux-RHEL_8_10-GCC-Linux-RHEL_8_10-X86_64.7z in 1.57183657
2026-10-05 03:02:30,865 - aqt.helper - DEBUG - helper 139638581009280 Attempt to download checksum at https://download.qt.io/online/qtsdkrepository/linux_x64/desktop/qt6_683/qt6_683/qt.qt6.683.linux_gcc_64/6.8.3-0-202503201345qttranslations-Linux-RHEL_8_10-GCC-Linux-RHEL_8_10-X86_64.7z.sha256
2026-10-05 03:02:31,422 - aqt.helper - INFO - helper 139638581009280 Downloading qttranslations...
2026-10-05 03:02:31,423 - aqt.installer - DEBUG - installer 139638581009280 Download URL: https://download.qt.io/online/qtsdkrepository/linux_x64/desktop/qt6_683/qt6_683/qt.qt6.683.linux_gcc_64/6.8.3-0-202503201345qttranslations-Linux-RHEL_8_10-GCC-Linux-RHEL_8_10-X86_64.7z
2026-10-05 03:02:31,979 - aqt.helper - DEBUG - helper 139638581009280 Asked to redirect(302) to: https://qt.mirror.constant.com/online/qtsdkrepository/linux_x64/desktop/qt6_683/qt6_683/qt.qt6.683.linux_gcc_64/6.8.3-0-202503201345qttranslations-Linux-RHEL_8_10-GCC-Linux-RHEL_8_10-X86_64.7z
2026-10-05 03:02:31,979 - aqt.helper - INFO - helper 139638581009280 Redirected: qt.mirror.constant.com
2026-10-05 03:02:32,496 - aqt.installer - INFO - installer 139638581009280 Finished installation of qttranslations-Linux-RHEL_8_10-GCC-Linux-RHEL_8_10-X86_64.7z in 1.63387887
2026-10-05 03:02:32,512 - aqt.helper - DEBUG - helper 139638581009280 Attempt to download checksum at https://download.qt.io/online/qtsdkrepository/linux_x64/desktop/qt6_683/qt6_683/qt.qt6.683.linux_gcc_64/6.8.3-0-202503201345qtwayland-Linux-RHEL_8_10-GCC-Linux-RHEL_8_10-X86_64.7z.sha256
2026-10-05 03:02:33,075 - aqt.helper - INFO - helper 139638581009280 Downloading qtwayland...
2026-10-05 03:02:33,075 - aqt.installer - DEBUG - installer 139638581009280 Download URL: https://download.qt.io/online/qtsdkrepository/linux_x64/desktop/qt6_683/qt6_683/qt.qt6.683.linux_gcc_64/6.8.3-0-202503201345qtwayland-Linux-RHEL_8_10-GCC-Linux-RHEL_8_10-X86_64.7z
2026-10-05 03:02:33,669 - aqt.helper - DEBUG - helper 139638581009280 Asked to redirect(302) to: https://qt.mirror.constant.com/online/qtsdkrepository/linux_x64/desktop/qt6_683/qt6_683/qt.qt6.683.linux_gcc_64/6.8.3-0-202503201345qtwayland-Linux-RHEL_8_10-GCC-Linux-RHEL_8_10-X86_64.7z
2026-10-05 03:02:33,669 - aqt.helper - INFO - helper 139638581009280 Redirected: qt.mirror.constant.com
2026-10-05 03:02:34,127 - aqt.installer - INFO - installer 139638581009280 Finished installation of qtwayland-Linux-RHEL_8_10-GCC-Linux-RHEL_8_10-X86_64.7z in 1.61731338
2026-10-05 03:02:34,145 - aqt.helper - DEBUG - helper 139638581009280 Attempt to download checksum at https://download.qt.io/online/qtsdkrepository/linux_x64/desktop/qt6_683/qt6_683/qt.qt6.683.linux_gcc_64/6.8.3-0-202503201345icu-linux-Rhel8.6-x86_64.7z.sha256
2026-10-05 03:02:34,580 - aqt.helper - INFO - helper 139638581009280 Downloading icu...
2026-10-05 03:02:34,580 - aqt.installer - DEBUG - installer 139638581009280 Download URL: https://download.qt.io/online/qtsdkrepository/linux_x64/desktop/qt6_683/qt6_683/qt.qt6.683.linux_gcc_64/6.8.3-0-202503201345icu-linux-Rhel8.6-x86_64.7z
2026-10-05 03:02:34,770 - aqt.installer - INFO - installer 140270090288000 Finished installation of qttools-Linux-RHEL_8_10-GCC-Linux-RHEL_8_10-X86_64.7z in 5.48653793
2026-10-05 03:02:35,018 - aqt.helper - DEBUG - helper 139638581009280 Asked to redirect(302) to: https://qt.mirror.constant.com/online/qtsdkrepository/linux_x64/desktop/qt6_683/qt6_683/qt.qt6.683.linux_gcc_64/6.8.3-0-202503201345icu-linux-Rhel8.6-x86_64.7z
2026-10-05 03:02:35,018 - aqt.helper - INFO - helper 139638581009280 Redirected: qt.mirror.constant.com
2026-10-05 03:02:35,173 - aqt.installer - INFO - installer 139955230083968 Finished installation of qtbase-Linux-RHEL_8_10-GCC-Linux-RHEL_8_10-X86_64.7z in 5.90616637
2026-10-05 03:02:35,858 - aqt.installer - INFO - installer 139638581009280 Finished installation of icu-linux-Rhel8.6-x86_64.7z in 1.71554540
2026-10-05 03:02:44,307 - aqt.installer - INFO - installer 140384774855552 Finished installation of qtdeclarative-Linux-RHEL_8_10-GCC-Linux-RHEL_8_10-X86_64.7z in 15.02515341
2026-10-05 03:02:44,401 - aqt.updater - INFO - updater 139684471024512 Patching /home/runner/work/FreeCAD/Qt/6.8.3/gcc_64/bin/qmake
2026-10-05 03:02:44,405 - aqt.updater - INFO - updater 139684471024512 Patching /home/runner/work/FreeCAD/Qt/6.8.3/gcc_64/lib/pkgconfig/Qt6QuickControls2Imagine.pc
2026-10-05 03:02:44,405 - aqt.updater - INFO - updater 139684471024512 Patching /home/runner/work/FreeCAD/Qt/6.8.3/gcc_64/lib/pkgconfig/Qt6PrintSupport.pc
2026-10-05 03:02:44,405 - aqt.updater - INFO - updater 139684471024512 Patching /home/runner/work/FreeCAD/Qt/6.8.3/gcc_64/lib/pkgconfig/Qt6QuickDialogs2.pc
2026-10-05 03:02:44,406 - aqt.updater - INFO - updater 139684471024512 Patching /home/runner/work/FreeCAD/Qt/6.8.3/gcc_64/lib/pkgconfig/Qt6LabsAnimation.pc
2026-10-05 03:02:44,406 - aqt.updater - INFO - updater 139684471024512 Patching /home/runner/work/FreeCAD/Qt/6.8.3/gcc_64/lib/pkgconfig/Qt6QuickControls2BasicStyleImpl.pc
2026-10-05 03:02:44,406 - aqt.updater - INFO - updater 139684471024512 Patching /home/runner/work/FreeCAD/Qt/6.8.3/gcc_64/lib/pkgconfig/Qt6Svg.pc
2026-10-05 03:02:44,406 - aqt.updater - INFO - updater 139684471024512 Patching /home/runner/work/FreeCAD/Qt/6.8.3/gcc_64/lib/pkgconfig/Qt6QuickVectorImage.pc
2026-10-05 03:02:44,407 - aqt.updater - INFO - updater 139684471024512 Patching /home/runner/work/FreeCAD/Qt/6.8.3/gcc_64/lib/pkgconfig/Qt6Widgets.pc
2026-10-05 03:02:44,407 - aqt.updater - INFO - updater 139684471024512 Patching /home/runner/work/FreeCAD/Qt/6.8.3/gcc_64/lib/pkgconfig/Qt6QmlCore.pc
2026-10-05 03:02:44,407 - aqt.updater - INFO - updater 139684471024512 Patching /home/runner/work/FreeCAD/Qt/6.8.3/gcc_64/lib/pkgconfig/Qt6SvgWidgets.pc
2026-10-05 03:02:44,407 - aqt.updater - INFO - updater 139684471024512 Patching /home/runner/work/FreeCAD/Qt/6.8.3/gcc_64/lib/pkgconfig/Qt6Designer.pc
2026-10-05 03:02:44,408 - aqt.updater - INFO - updater 139684471024512 Patching /home/runner/work/FreeCAD/Qt/6.8.3/gcc_64/lib/pkgconfig/Qt6UiTools.pc
2026-10-05 03:02:44,408 - aqt.updater - INFO - updater 139684471024512 Patching /home/runner/work/FreeCAD/Qt/6.8.3/gcc_64/lib/pkgconfig/Qt6UiPlugin.pc
2026-10-05 03:02:44,408 - aqt.updater - INFO - updater 139684471024512 Patching /home/runner/work/FreeCAD/Qt/6.8.3/gcc_64/lib/pkgconfig/Qt6QmlCompiler.pc
2026-10-05 03:02:44,408 - aqt.updater - INFO - updater 139684471024512 Patching /home/runner/work/FreeCAD/Qt/6.8.3/gcc_64/lib/pkgconfig/Qt6LabsFolderListModel.pc
2026-10-05 03:02:44,408 - aqt.updater - INFO - updater 139684471024512 Patching /home/runner/work/FreeCAD/Qt/6.8.3/gcc_64/lib/pkgconfig/Qt6Linguist.pc
2026-10-05 03:02:44,409 - aqt.updater - INFO - updater 139684471024512 Patching /home/runner/work/FreeCAD/Qt/6.8.3/gcc_64/lib/pkgconfig/Qt6QuickControls2Universal.pc
2026-10-05 03:02:44,409 - aqt.updater - INFO - updater 139684471024512 Patching /home/runner/work/FreeCAD/Qt/6.8.3/gcc_64/lib/pkgconfig/Qt6Sql.pc
2026-10-05 03:02:44,409 - aqt.updater - INFO - updater 139684471024512 Patching /home/runner/work/FreeCAD/Qt/6.8.3/gcc_64/lib/pkgconfig/Qt6OpenGLWidgets.pc
2026-10-05 03:02:44,409 - aqt.updater - INFO - updater 139684471024512 Patching /home/runner/work/FreeCAD/Qt/6.8.3/gcc_64/lib/pkgconfig/Qt6QuickControls2Basic.pc
2026-10-05 03:02:44,409 - aqt.updater - INFO - updater 139684471024512 Patching /home/runner/work/FreeCAD/Qt/6.8.3/gcc_64/lib/pkgconfig/Qt6LabsPlatform.pc
2026-10-05 03:02:44,409 - aqt.updater - INFO - updater 139684471024512 Patching /home/runner/work/FreeCAD/Qt/6.8.3/gcc_64/lib/pkgconfig/Qt6QmlIntegration.pc
2026-10-05 03:02:44,410 - aqt.updater - INFO - updater 139684471024512 Patching /home/runner/work/FreeCAD/Qt/6.8.3/gcc_64/lib/pkgconfig/Qt6QuickControls2FusionStyleImpl.pc
2026-10-05 03:02:44,410 - aqt.updater - INFO - updater 139684471024512 Patching /home/runner/work/FreeCAD/Qt/6.8.3/gcc_64/lib/pkgconfig/Qt6QmlWorkerScript.pc
2026-10-05 03:02:44,410 - aqt.updater - INFO - updater 139684471024512 Patching /home/runner/work/FreeCAD/Qt/6.8.3/gcc_64/lib/pkgconfig/Qt6Platform.pc
2026-10-05 03:02:44,411 - aqt.updater - INFO - updater 139684471024512 Patching /home/runner/work/FreeCAD/Qt/6.8.3/gcc_64/lib/pkgconfig/Qt6QmlAssetDownloader.pc
2026-10-05 03:02:44,411 - aqt.updater - INFO - updater 139684471024512 Patching /home/runner/work/FreeCAD/Qt/6.8.3/gcc_64/lib/pkgconfig/Qt6Test.pc
2026-10-05 03:02:44,411 - aqt.updater - INFO - updater 139684471024512 Patching /home/runner/work/FreeCAD/Qt/6.8.3/gcc_64/lib/pkgconfig/Qt6QmlNetwork.pc
2026-10-05 03:02:44,411 - aqt.updater - INFO - updater 139684471024512 Patching /home/runner/work/FreeCAD/Qt/6.8.3/gcc_64/lib/pkgconfig/Qt6QmlModels.pc
2026-10-05 03:02:44,411 - aqt.updater - INFO - updater 139684471024512 Patching /home/runner/work/FreeCAD/Qt/6.8.3/gcc_64/lib/pkgconfig/Qt6LabsQmlModels.pc
2026-10-05 03:02:44,412 - aqt.updater - INFO - updater 139684471024512 Patching /home/runner/work/FreeCAD/Qt/6.8.3/gcc_64/lib/pkgconfig/Qt6QuickDialogs2Utils.pc
2026-10-05 03:02:44,412 - aqt.updater - INFO - updater 139684471024512 Patching /home/runner/work/FreeCAD/Qt/6.8.3/gcc_64/lib/pkgconfig/Qt6Network.pc
2026-10-05 03:02:44,412 - aqt.updater - INFO - updater 139684471024512 Patching /home/runner/work/FreeCAD/Qt/6.8.3/gcc_64/lib/pkgconfig/Qt6QuickControls2Material.pc
2026-10-05 03:02:44,412 - aqt.updater - INFO - updater 139684471024512 Patching /home/runner/work/FreeCAD/Qt/6.8.3/gcc_64/lib/pkgconfig/Qt6WaylandClient.pc
2026-10-05 03:02:44,413 - aqt.updater - INFO - updater 139684471024512 Patching /home/runner/work/FreeCAD/Qt/6.8.3/gcc_64/lib/pkgconfig/Qt6LabsSharedImage.pc
2026-10-05 03:02:44,413 - aqt.updater - INFO - updater 139684471024512 Patching /home/runner/work/FreeCAD/Qt/6.8.3/gcc_64/lib/pkgconfig/Qt6QuickControls2ImagineStyleImpl.pc
2026-10-05 03:02:44,413 - aqt.updater - INFO - updater 139684471024512 Patching /home/runner/work/FreeCAD/Qt/6.8.3/gcc_64/lib/pkgconfig/Qt6QuickControls2Impl.pc
2026-10-05 03:02:44,413 - aqt.updater - INFO - updater 139684471024512 Patching /home/runner/work/FreeCAD/Qt/6.8.3/gcc_64/lib/pkgconfig/Qt6QuickDialogs2QuickImpl.pc
2026-10-05 03:02:44,414 - aqt.updater - INFO - updater 139684471024512 Patching /home/runner/work/FreeCAD/Qt/6.8.3/gcc_64/lib/pkgconfig/Qt6Help.pc
2026-10-05 03:02:44,414 - aqt.updater - INFO - updater 139684471024512 Patching /home/runner/work/FreeCAD/Qt/6.8.3/gcc_64/lib/pkgconfig/Qt6LabsWavefrontMesh.pc
2026-10-05 03:02:44,414 - aqt.updater - INFO - updater 139684471024512 Patching /home/runner/work/FreeCAD/Qt/6.8.3/gcc_64/lib/pkgconfig/Qt6LabsSettings.pc
2026-10-05 03:02:44,414 - aqt.updater - INFO - updater 139684471024512 Patching /home/runner/work/FreeCAD/Qt/6.8.3/gcc_64/lib/pkgconfig/Qt6Qml.pc
2026-10-05 03:02:44,415 - aqt.updater - INFO - updater 139684471024512 Patching /home/runner/work/FreeCAD/Qt/6.8.3/gcc_64/lib/pkgconfig/Qt6QuickTemplates2.pc
2026-10-05 03:02:44,415 - aqt.updater - INFO - updater 139684471024512 Patching /home/runner/work/FreeCAD/Qt/6.8.3/gcc_64/lib/pkgconfig/Qt6Quick.pc
2026-10-05 03:02:44,415 - aqt.updater - INFO - updater 139684471024512 Patching /home/runner/work/FreeCAD/Qt/6.8.3/gcc_64/lib/pkgconfig/Qt6QmlLocalStorage.pc
2026-10-05 03:02:44,415 - aqt.updater - INFO - updater 139684471024512 Patching /home/runner/work/FreeCAD/Qt/6.8.3/gcc_64/lib/pkgconfig/Qt6Core.pc
2026-10-05 03:02:44,415 - aqt.updater - INFO - updater 139684471024512 Patching /home/runner/work/FreeCAD/Qt/6.8.3/gcc_64/lib/pkgconfig/Qt6QuickControls2MaterialStyleImpl.pc
2026-10-05 03:02:44,416 - aqt.updater - INFO - updater 139684471024512 Patching /home/runner/work/FreeCAD/Qt/6.8.3/gcc_64/lib/pkgconfig/Qt6QuickLayouts.pc
2026-10-05 03:02:44,416 - aqt.updater - INFO - updater 139684471024512 Patching /home/runner/work/FreeCAD/Qt/6.8.3/gcc_64/lib/pkgconfig/Qt6Gui.pc
2026-10-05 03:02:44,416 - aqt.updater - INFO - updater 139684471024512 Patching /home/runner/work/FreeCAD/Qt/6.8.3/gcc_64/lib/pkgconfig/Qt6QuickControls2FluentWinUI3StyleImpl.pc
2026-10-05 03:02:44,416 - aqt.updater - INFO - updater 139684471024512 Patching /home/runner/work/FreeCAD/Qt/6.8.3/gcc_64/lib/pkgconfig/Qt6DBus.pc
2026-10-05 03:02:44,417 - aqt.updater - INFO - updater 139684471024512 Patching /home/runner/work/FreeCAD/Qt/6.8.3/gcc_64/lib/pkgconfig/Qt6QuickTest.pc
2026-10-05 03:02:44,417 - aqt.updater - INFO - updater 139684471024512 Patching /home/runner/work/FreeCAD/Qt/6.8.3/gcc_64/lib/pkgconfig/Qt6QuickControls2.pc
2026-10-05 03:02:44,417 - aqt.updater - INFO - updater 139684471024512 Patching /home/runner/work/FreeCAD/Qt/6.8.3/gcc_64/lib/pkgconfig/Qt6OpenGL.pc
2026-10-05 03:02:44,417 - aqt.updater - INFO - updater 139684471024512 Patching /home/runner/work/FreeCAD/Qt/6.8.3/gcc_64/lib/pkgconfig/Qt6QuickControls2Fusion.pc
2026-10-05 03:02:44,418 - aqt.updater - INFO - updater 139684471024512 Patching /home/runner/work/FreeCAD/Qt/6.8.3/gcc_64/lib/pkgconfig/Qt6QuickControls2UniversalStyleImpl.pc
2026-10-05 03:02:44,418 - aqt.updater - INFO - updater 139684471024512 Patching /home/runner/work/FreeCAD/Qt/6.8.3/gcc_64/lib/pkgconfig/Qt6QmlXmlListModel.pc
2026-10-05 03:02:44,418 - aqt.updater - INFO - updater 139684471024512 Patching /home/runner/work/FreeCAD/Qt/6.8.3/gcc_64/lib/pkgconfig/Qt6Concurrent.pc
2026-10-05 03:02:44,418 - aqt.updater - INFO - updater 139684471024512 Patching /home/runner/work/FreeCAD/Qt/6.8.3/gcc_64/lib/pkgconfig/Qt6QuickWidgets.pc
2026-10-05 03:02:44,418 - aqt.updater - INFO - updater 139684471024512 Patching /home/runner/work/FreeCAD/Qt/6.8.3/gcc_64/lib/pkgconfig/Qt6QmlMeta.pc
2026-10-05 03:02:44,419 - aqt.updater - INFO - updater 139684471024512 Patching /home/runner/work/FreeCAD/Qt/6.8.3/gcc_64/lib/pkgconfig/Qt6Xml.pc
2026-10-05 03:02:44,420 - aqt.updater - INFO - updater 139684471024512 Patching /home/runner/work/FreeCAD/Qt/6.8.3/gcc_64/lib/libQt6KmsSupport.prl
2026-10-05 03:02:44,420 - aqt.updater - INFO - updater 139684471024512 Patching /home/runner/work/FreeCAD/Qt/6.8.3/gcc_64/lib/libQt6Sql.prl
2026-10-05 03:02:44,421 - aqt.updater - INFO - updater 139684471024512 Patching /home/runner/work/FreeCAD/Qt/6.8.3/gcc_64/lib/libQt6WaylandClient.prl
2026-10-05 03:02:44,421 - aqt.updater - INFO - updater 139684471024512 Patching /home/runner/work/FreeCAD/Qt/6.8.3/gcc_64/lib/libQt6LabsQmlModels.prl
2026-10-05 03:02:44,421 - aqt.updater - INFO - updater 139684471024512 Patching /home/runner/work/FreeCAD/Qt/6.8.3/gcc_64/lib/libQt6WaylandEglClientHwIntegration.prl
2026-10-05 03:02:44,421 - aqt.updater - INFO - updater 139684471024512 Patching /home/runner/work/FreeCAD/Qt/6.8.3/gcc_64/lib/libQt6Xml.prl
2026-10-05 03:02:44,422 - aqt.updater - INFO - updater 139684471024512 Patching /home/runner/work/FreeCAD/Qt/6.8.3/gcc_64/lib/libQt6QuickControls2FluentWinUI3StyleImpl.prl
2026-10-05 03:02:44,422 - aqt.updater - INFO - updater 139684471024512 Patching /home/runner/work/FreeCAD/Qt/6.8.3/gcc_64/lib/libQt6QmlXmlListModel.prl
2026-10-05 03:02:44,422 - aqt.updater - INFO - updater 139684471024512 Patching /home/runner/work/FreeCAD/Qt/6.8.3/gcc_64/lib/libQt6ExampleIcons.prl
2026-10-05 03:02:44,422 - aqt.updater - INFO - updater 139684471024512 Patching /home/runner/work/FreeCAD/Qt/6.8.3/gcc_64/lib/libQt6QuickDialogs2QuickImpl.prl
2026-10-05 03:02:44,423 - aqt.updater - INFO - updater 139684471024512 Patching /home/runner/work/FreeCAD/Qt/6.8.3/gcc_64/lib/libQt6QuickControls2Universal.prl
2026-10-05 03:02:44,423 - aqt.updater - INFO - updater 139684471024512 Patching /home/runner/work/FreeCAD/Qt/6.8.3/gcc_64/lib/libQt6QuickControls2FusionStyleImpl.prl
2026-10-05 03:02:44,423 - aqt.updater - INFO - updater 139684471024512 Patching /home/runner/work/FreeCAD/Qt/6.8.3/gcc_64/lib/libQt6QuickTestUtils.prl
2026-10-05 03:02:44,423 - aqt.updater - INFO - updater 139684471024512 Patching /home/runner/work/FreeCAD/Qt/6.8.3/gcc_64/lib/libQt6QuickEffects.prl
2026-10-05 03:02:44,424 - aqt.updater - INFO - updater 139684471024512 Patching /home/runner/work/FreeCAD/Qt/6.8.3/gcc_64/lib/libQt6QuickControls2Basic.prl
2026-10-05 03:02:44,424 - aqt.updater - INFO - updater 139684471024512 Patching /home/runner/work/FreeCAD/Qt/6.8.3/gcc_64/lib/libQt6QuickVectorImage.prl
2026-10-05 03:02:44,424 - aqt.updater - INFO - updater 139684471024512 Patching /home/runner/work/FreeCAD/Qt/6.8.3/gcc_64/lib/libQt6QuickLayouts.prl
2026-10-05 03:02:44,424 - aqt.updater - INFO - updater 139684471024512 Patching /home/runner/work/FreeCAD/Qt/6.8.3/gcc_64/lib/libQt6QuickControls2Fusion.prl
2026-10-05 03:02:44,425 - aqt.updater - INFO - updater 139684471024512 Patching /home/runner/work/FreeCAD/Qt/6.8.3/gcc_64/lib/libQt6QmlWorkerScript.prl
2026-10-05 03:02:44,425 - aqt.updater - INFO - updater 139684471024512 Patching /home/runner/work/FreeCAD/Qt/6.8.3/gcc_64/lib/libQt6QuickControls2ImagineStyleImpl.prl
2026-10-05 03:02:44,425 - aqt.updater - INFO - updater 139684471024512 Patching /home/runner/work/FreeCAD/Qt/6.8.3/gcc_64/lib/libQt6PrintSupport.prl
2026-10-05 03:02:44,425 - aqt.updater - INFO - updater 139684471024512 Patching /home/runner/work/FreeCAD/Qt/6.8.3/gcc_64/lib/libQt6QuickDialogs2.prl
2026-10-05 03:02:44,426 - aqt.updater - INFO - updater 139684471024512 Patching /home/runner/work/FreeCAD/Qt/6.8.3/gcc_64/lib/libQt6QmlNetwork.prl
2026-10-05 03:02:44,426 - aqt.updater - INFO - updater 139684471024512 Patching /home/runner/work/FreeCAD/Qt/6.8.3/gcc_64/lib/libQt6QuickTemplates2.prl
2026-10-05 03:02:44,426 - aqt.updater - INFO - updater 139684471024512 Patching /home/runner/work/FreeCAD/Qt/6.8.3/gcc_64/lib/libQt6SvgWidgets.prl
2026-10-05 03:02:44,427 - aqt.updater - INFO - updater 139684471024512 Patching /home/runner/work/FreeCAD/Qt/6.8.3/gcc_64/lib/libQt6LabsAnimation.prl
2026-10-05 03:02:44,427 - aqt.updater - INFO - updater 139684471024512 Patching /home/runner/work/FreeCAD/Qt/6.8.3/gcc_64/lib/libQt6Help.prl
2026-10-05 03:02:44,427 - aqt.updater - INFO - updater 139684471024512 Patching /home/runner/work/FreeCAD/Qt/6.8.3/gcc_64/lib/libQt6Gui.prl
2026-10-05 03:02:44,428 - aqt.updater - INFO - updater 139684471024512 Patching /home/runner/work/FreeCAD/Qt/6.8.3/gcc_64/lib/libQt6QuickWidgets.prl
2026-10-05 03:02:44,428 - aqt.updater - INFO - updater 139684471024512 Patching /home/runner/work/FreeCAD/Qt/6.8.3/gcc_64/lib/libQt6OpenGL.prl
2026-10-05 03:02:44,428 - aqt.updater - INFO - updater 139684471024512 Patching /home/runner/work/FreeCAD/Qt/6.8.3/gcc_64/lib/libQt6EglFsKmsSupport.prl
2026-10-05 03:02:44,428 - aqt.updater - INFO - updater 139684471024512 Patching /home/runner/work/FreeCAD/Qt/6.8.3/gcc_64/lib/libQt6QuickTest.prl
2026-10-05 03:02:44,429 - aqt.updater - INFO - updater 139684471024512 Patching /home/runner/work/FreeCAD/Qt/6.8.3/gcc_64/lib/libQt6DesignerComponents.prl
2026-10-05 03:02:44,429 - aqt.updater - INFO - updater 139684471024512 Patching /home/runner/work/FreeCAD/Qt/6.8.3/gcc_64/lib/libQt6QuickControls2MaterialStyleImpl.prl
2026-10-05 03:02:44,429 - aqt.updater - INFO - updater 139684471024512 Patching /home/runner/work/FreeCAD/Qt/6.8.3/gcc_64/lib/libQt6QmlLocalStorage.prl
2026-10-05 03:02:44,429 - aqt.updater - INFO - updater 139684471024512 Patching /home/runner/work/FreeCAD/Qt/6.8.3/gcc_64/lib/libQt6UiTools.prl
2026-10-05 03:02:44,430 - aqt.updater - INFO - updater 139684471024512 Patching /home/runner/work/FreeCAD/Qt/6.8.3/gcc_64/lib/libQt6QuickControls2UniversalStyleImpl.prl
2026-10-05 03:02:44,430 - aqt.updater - INFO - updater 139684471024512 Patching /home/runner/work/FreeCAD/Qt/6.8.3/gcc_64/lib/libQt6EglFSDeviceIntegration.prl
2026-10-05 03:02:44,430 - aqt.updater - INFO - updater 139684471024512 Patching /home/runner/work/FreeCAD/Qt/6.8.3/gcc_64/lib/libQt6PacketProtocol.prl
2026-10-05 03:02:44,431 - aqt.updater - INFO - updater 139684471024512 Patching /home/runner/work/FreeCAD/Qt/6.8.3/gcc_64/lib/libQt6ExamplesAssetDownloader.prl
2026-10-05 03:02:44,431 - aqt.updater - INFO - updater 139684471024512 Patching /home/runner/work/FreeCAD/Qt/6.8.3/gcc_64/lib/libQt6Test.prl
2026-10-05 03:02:44,431 - aqt.updater - INFO - updater 139684471024512 Patching /home/runner/work/FreeCAD/Qt/6.8.3/gcc_64/lib/libQt6QmlDebug.prl
2026-10-05 03:02:44,432 - aqt.updater - INFO - updater 139684471024512 Patching /home/runner/work/FreeCAD/Qt/6.8.3/gcc_64/lib/libQt6QmlCompiler.prl
2026-10-05 03:02:44,432 - aqt.updater - INFO - updater 139684471024512 Patching /home/runner/work/FreeCAD/Qt/6.8.3/gcc_64/lib/libQt6Widgets.prl
2026-10-05 03:02:44,432 - aqt.updater - INFO - updater 139684471024512 Patching /home/runner/work/FreeCAD/Qt/6.8.3/gcc_64/lib/libQt6QuickShapes.prl
2026-10-05 03:02:44,433 - aqt.updater - INFO - updater 139684471024512 Patching /home/runner/work/FreeCAD/Qt/6.8.3/gcc_64/lib/libQt6QuickParticles.prl
2026-10-05 03:02:44,433 - aqt.updater - INFO - updater 139684471024512 Patching /home/runner/work/FreeCAD/Qt/6.8.3/gcc_64/lib/libQt6Network.prl
2026-10-05 03:02:44,433 - aqt.updater - INFO - updater 139684471024512 Patching /home/runner/work/FreeCAD/Qt/6.8.3/gcc_64/lib/libQt6QuickControls2Imagine.prl
2026-10-05 03:02:44,433 - aqt.updater - INFO - updater 139684471024512 Patching /home/runner/work/FreeCAD/Qt/6.8.3/gcc_64/lib/libQt6XcbQpa.prl
2026-10-05 03:02:44,434 - aqt.updater - INFO - updater 139684471024512 Patching /home/runner/work/FreeCAD/Qt/6.8.3/gcc_64/lib/libQt6QmlLS.prl
2026-10-05 03:02:44,434 - aqt.updater - INFO - updater 139684471024512 Patching /home/runner/work/FreeCAD/Qt/6.8.3/gcc_64/lib/libQt6Concurrent.prl
2026-10-05 03:02:44,434 - aqt.updater - INFO - updater 139684471024512 Patching /home/runner/work/FreeCAD/Qt/6.8.3/gcc_64/lib/libQt6QmlDom.prl
2026-10-05 03:02:44,435 - aqt.updater - INFO - updater 139684471024512 Patching /home/runner/work/FreeCAD/Qt/6.8.3/gcc_64/lib/libQt6QmlCore.prl
2026-10-05 03:02:44,435 - aqt.updater - INFO - updater 139684471024512 Patching /home/runner/work/FreeCAD/Qt/6.8.3/gcc_64/lib/libQt6Svg.prl
2026-10-05 03:02:44,435 - aqt.updater - INFO - updater 139684471024512 Patching /home/runner/work/FreeCAD/Qt/6.8.3/gcc_64/lib/libQt6LabsPlatform.prl
2026-10-05 03:02:44,437 - aqt.updater - INFO - updater 139684471024512 Patching /home/runner/work/FreeCAD/Qt/6.8.3/gcc_64/lib/libQt6EglFsKmsGbmSupport.prl
2026-10-05 03:02:44,437 - aqt.updater - INFO - updater 139684471024512 Patching /home/runner/work/FreeCAD/Qt/6.8.3/gcc_64/lib/libQt6QmlTypeRegistrar.prl
2026-10-05 03:02:44,437 - aqt.updater - INFO - updater 139684471024512 Patching /home/runner/work/FreeCAD/Qt/6.8.3/gcc_64/lib/libQt6InputSupport.prl
2026-10-05 03:02:44,438 - aqt.updater - INFO - updater 139684471024512 Patching /home/runner/work/FreeCAD/Qt/6.8.3/gcc_64/lib/libQt6DeviceDiscoverySupport.prl
2026-10-05 03:02:44,438 - aqt.updater - INFO - updater 139684471024512 Patching /home/runner/work/FreeCAD/Qt/6.8.3/gcc_64/lib/libQt6LabsSettings.prl
2026-10-05 03:02:44,438 - aqt.updater - INFO - updater 139684471024512 Patching /home/runner/work/FreeCAD/Qt/6.8.3/gcc_64/lib/libQt6QuickControlsTestUtils.prl
2026-10-05 03:02:44,439 - aqt.updater - INFO - updater 139684471024512 Patching /home/runner/work/FreeCAD/Qt/6.8.3/gcc_64/lib/libQt6QuickControls2BasicStyleImpl.prl
2026-10-05 03:02:44,439 - aqt.updater - INFO - updater 139684471024512 Patching /home/runner/work/FreeCAD/Qt/6.8.3/gcc_64/lib/libQt6DBus.prl
2026-10-05 03:02:44,439 - aqt.updater - INFO - updater 139684471024512 Patching /home/runner/work/FreeCAD/Qt/6.8.3/gcc_64/lib/libQt6Designer.prl
2026-10-05 03:02:44,439 - aqt.updater - INFO - updater 139684471024512 Patching /home/runner/work/FreeCAD/Qt/6.8.3/gcc_64/lib/libQt6Qml.prl
2026-10-05 03:02:44,440 - aqt.updater - INFO - updater 139684471024512 Patching /home/runner/work/FreeCAD/Qt/6.8.3/gcc_64/lib/libQt6LabsFolderListModel.prl
2026-10-05 03:02:44,440 - aqt.updater - INFO - updater 139684471024512 Patching /home/runner/work/FreeCAD/Qt/6.8.3/gcc_64/lib/libQt6OpenGLWidgets.prl
2026-10-05 03:02:44,440 - aqt.updater - INFO - updater 139684471024512 Patching /home/runner/work/FreeCAD/Qt/6.8.3/gcc_64/lib/libQt6QmlToolingSettings.prl
2026-10-05 03:02:44,441 - aqt.updater - INFO - updater 139684471024512 Patching /home/runner/work/FreeCAD/Qt/6.8.3/gcc_64/lib/libQt6QuickDialogs2Utils.prl
2026-10-05 03:02:44,441 - aqt.updater - INFO - updater 139684471024512 Patching /home/runner/work/FreeCAD/Qt/6.8.3/gcc_64/lib/libQt6QuickControls2.prl
2026-10-05 03:02:44,441 - aqt.updater - INFO - updater 139684471024512 Patching /home/runner/work/FreeCAD/Qt/6.8.3/gcc_64/lib/libQt6QuickControls2Material.prl
2026-10-05 03:02:44,441 - aqt.updater - INFO - updater 139684471024512 Patching /home/runner/work/FreeCAD/Qt/6.8.3/gcc_64/lib/libQt6LabsWavefrontMesh.prl
2026-10-05 03:02:44,442 - aqt.updater - INFO - updater 139684471024512 Patching /home/runner/work/FreeCAD/Qt/6.8.3/gcc_64/lib/libQt6FbSupport.prl
2026-10-05 03:02:44,442 - aqt.updater - INFO - updater 139684471024512 Patching /home/runner/work/FreeCAD/Qt/6.8.3/gcc_64/lib/libQt6QmlAssetDownloader.prl
2026-10-05 03:02:44,442 - aqt.updater - INFO - updater 139684471024512 Patching /home/runner/work/FreeCAD/Qt/6.8.3/gcc_64/lib/libQt6LabsSharedImage.prl
2026-10-05 03:02:44,443 - aqt.updater - INFO - updater 139684471024512 Patching /home/runner/work/FreeCAD/Qt/6.8.3/gcc_64/lib/libQt6WlShellIntegration.prl
2026-10-05 03:02:44,443 - aqt.updater - INFO - updater 139684471024512 Patching /home/runner/work/FreeCAD/Qt/6.8.3/gcc_64/lib/libQt6Quick.prl
2026-10-05 03:02:44,443 - aqt.updater - INFO - updater 139684471024512 Patching /home/runner/work/FreeCAD/Qt/6.8.3/gcc_64/lib/libQt6QuickControls2Impl.prl
2026-10-05 03:02:44,443 - aqt.updater - INFO - updater 139684471024512 Patching /home/runner/work/FreeCAD/Qt/6.8.3/gcc_64/lib/libQt6Core.prl
2026-10-05 03:02:44,444 - aqt.updater - INFO - updater 139684471024512 Patching /home/runner/work/FreeCAD/Qt/6.8.3/gcc_64/lib/libQt6QmlModels.prl
2026-10-05 03:02:44,444 - aqt.updater - INFO - updater 139684471024512 Patching /home/runner/work/FreeCAD/Qt/6.8.3/gcc_64/lib/libQt6QuickVectorImageGenerator.prl
2026-10-05 03:02:44,444 - aqt.updater - INFO - updater 139684471024512 Patching /home/runner/work/FreeCAD/Qt/6.8.3/gcc_64/lib/libQt6QmlMeta.prl
2026-10-05 03:02:44,444 - aqt.main - INFO - installer 139684471024512 Finished installation
2026-10-05 03:02:44,445 - aqt.main - INFO - installer 139684471024512 Time elapsed: 18.80829311 second
